// Vitest Snapshot v1, https://vitest.dev/guide/snapshot.html

exports[`#compileLyrxStyle > agricultural-land-classification compiles to a stable flat style 1`] = `
{
  "maxResolution": 1222.9926022352047,
  "style": {
    "fill-color": [
      "case",
      [
        "==",
        [
          "get",
          "ALC_GRADE",
        ],
        "Grade 1",
      ],
      "#37e2fe",
      [
        "==",
        [
          "get",
          "ALC_GRADE",
        ],
        "Grade 2",
      ],
      "#c2fbfe",
      [
        "==",
        [
          "get",
          "ALC_GRADE",
        ],
        "Grade 3",
      ],
      "#b2fe99",
      [
        "==",
        [
          "get",
          "ALC_GRADE",
        ],
        "Grade 4",
      ],
      "#fef8a4",
      [
        "==",
        [
          "get",
          "ALC_GRADE",
        ],
        "Grade 5",
      ],
      "#b28864",
      [
        "==",
        [
          "get",
          "ALC_GRADE",
        ],
        "Non Agricultural",
      ],
      "#fec455",
      [
        "==",
        [
          "get",
          "ALC_GRADE",
        ],
        "Urban",
      ],
      "#ff6347",
      "rgba(0, 0, 0, 0)",
    ],
  },
}
`;

exports[`#compileLyrxStyle > ancient-woodland compiles to a stable flat style 1`] = `
{
  "maxResolution": undefined,
  "style": {
    "fill-color": [
      "case",
      [
        "==",
        [
          "get",
          "THEMNAME",
        ],
        "Ancient & Semi-Natural Woodland",
      ],
      "#3b6800",
      [
        "==",
        [
          "get",
          "THEMNAME",
        ],
        "Ancient Replanted Woodland",
      ],
      "#9eac62",
      [
        "==",
        [
          "get",
          "THEMNAME",
        ],
        "Ancient Wood Pasture",
      ],
      "#0084a8",
      "rgba(0, 0, 0, 0)",
    ],
  },
}
`;

exports[`#compileLyrxStyle > crop-map-of-england-2020 compiles to a stable flat style 1`] = `
{
  "maxResolution": 13.229193125052918,
  "style": {
    "fill-color": [
      "case",
      [
        "==",
        [
          "get",
          "LUCODE",
        ],
        "AC00",
      ],
      "#006000",
      [
        "==",
        [
          "get",
          "LUCODE",
        ],
        "AC01",
      ],
      "#dae31b",
      [
        "==",
        [
          "get",
          "LUCODE",
        ],
        "AC03",
      ],
      "#6f55ca",
      [
        "==",
        [
          "get",
          "LUCODE",
        ],
        "AC04",
      ],
      "#ff6666",
      [
        "==",
        [
          "get",
          "LUCODE",
        ],
        "AC05",
      ],
      "#ff6666",
      [
        "==",
        [
          "get",
          "LUCODE",
        ],
        "AC06",
      ],
      "#ff6666",
      [
        "==",
        [
          "get",
          "LUCODE",
        ],
        "AC07",
      ],
      "#ffccff",
      [
        "==",
        [
          "get",
          "LUCODE",
        ],
        "AC09",
      ],
      "#267200",
      [
        "==",
        [
          "get",
          "LUCODE",
        ],
        "AC10",
      ],
      "#e8bfff",
      [
        "==",
        [
          "get",
          "LUCODE",
        ],
        "AC100",
      ],
      "#ad007c",
      [
        "==",
        [
          "get",
          "LUCODE",
        ],
        "AC14",
      ],
      "#3e8200",
      [
        "==",
        [
          "get",
          "LUCODE",
        ],
        "AC15",
      ],
      "#ff6666",
      [
        "==",
        [
          "get",
          "LUCODE",
        ],
        "AC16",
      ],
      "#d6ff70",
      [
        "==",
        [
          "get",
          "LUCODE",
        ],
        "AC17",
      ],
      "#ffd300",
      [
        "==",
        [
          "get",
          "LUCODE",
        ],
        "AC18",
      ],
      "#700049",
      [
        "==",
        [
          "get",
          "LUCODE",
        ],
        "AC19",
      ],
      "#a15989",
      [
        "==",
        [
          "get",
          "LUCODE",
        ],
        "AC20",
      ],
      "#ffccff",
      [
        "==",
        [
          "get",
          "LUCODE",
        ],
        "AC22",
      ],
      "#ff6666",
      [
        "==",
        [
          "get",
          "LUCODE",
        ],
        "AC23",
      ],
      "#ffccff",
      [
        "==",
        [
          "get",
          "LUCODE",
        ],
        "AC24",
      ],
      "#ad007c",
      [
        "==",
        [
          "get",
          "LUCODE",
        ],
        "AC26",
      ],
      "#ff6666",
      [
        "==",
        [
          "get",
          "LUCODE",
        ],
        "AC27",
      ],
      "#ff00ff",
      [
        "==",
        [
          "get",
          "LUCODE",
        ],
        "AC30",
      ],
      "#d69dbd",
      [
        "==",
        [
          "get",
          "LUCODE",
        ],
        "AC32",
      ],
      "#d9b56b",
      [
        "==",
        [
          "get",
          "LUCODE",
        ],
        "AC34",
      ],
      "#b74b14",
      [
        "==",
        [
          "get",
          "LUCODE",
        ],
        "AC35",
      ],
      "#ff6666",
      [
        "==",
        [
          "get",
          "LUCODE",
        ],
        "AC36",
      ],
      "#ffff00",
      [
        "==",
        [
          "get",
          "LUCODE",
        ],
        "AC37",
      ],
      "#00af4c",
      [
        "==",
        [
          "get",
          "LUCODE",
        ],
        "AC38",
      ],
      "#00af4c",
      [
        "==",
        [
          "get",
          "LUCODE",
        ],
        "AC41",
      ],
      "#7aaa00",
      [
        "==",
        [
          "get",
          "LUCODE",
        ],
        "AC44",
      ],
      "#702601",
      [
        "==",
        [
          "get",
          "LUCODE",
        ],
        "AC45",
      ],
      "#98bf00",
      [
        "==",
        [
          "get",
          "LUCODE",
        ],
        "AC50",
      ],
      "#ff6766",
      [
        "==",
        [
          "get",
          "LUCODE",
        ],
        "AC52",
      ],
      "#ff6766",
      [
        "==",
        [
          "get",
          "LUCODE",
        ],
        "AC58",
      ],
      "#cc6700",
      [
        "==",
        [
          "get",
          "LUCODE",
        ],
        "AC59",
      ],
      "#cc6700",
      [
        "==",
        [
          "get",
          "LUCODE",
        ],
        "AC60",
      ],
      "#cc6700",
      [
        "==",
        [
          "get",
          "LUCODE",
        ],
        "AC61",
      ],
      "#cc6700",
      [
        "==",
        [
          "get",
          "LUCODE",
        ],
        "AC62",
      ],
      "#cc6700",
      [
        "==",
        [
          "get",
          "LUCODE",
        ],
        "AC63",
      ],
      "#dae31b",
      [
        "==",
        [
          "get",
          "LUCODE",
        ],
        "AC64",
      ],
      "#7f99ff",
      [
        "==",
        [
          "get",
          "LUCODE",
        ],
        "AC65",
      ],
      "#a15989",
      [
        "==",
        [
          "get",
          "LUCODE",
        ],
        "AC66",
      ],
      "#a57000",
      [
        "==",
        [
          "get",
          "LUCODE",
        ],
        "AC67",
      ],
      "#ffff00",
      [
        "==",
        [
          "get",
          "LUCODE",
        ],
        "AC68",
      ],
      "#ad007c",
      [
        "==",
        [
          "get",
          "LUCODE",
        ],
        "AC69",
      ],
      "#d69dbd",
      [
        "==",
        [
          "get",
          "LUCODE",
        ],
        "AC70",
      ],
      "#ff6666",
      [
        "==",
        [
          "get",
          "LUCODE",
        ],
        "AC71",
      ],
      "#7fd3ff",
      [
        "==",
        [
          "get",
          "LUCODE",
        ],
        "AC72",
      ],
      "#ffff00",
      [
        "==",
        [
          "get",
          "LUCODE",
        ],
        "AC74",
      ],
      "#ffe900",
      [
        "==",
        [
          "get",
          "LUCODE",
        ],
        "AC81",
      ],
      "#e8bfff",
      [
        "==",
        [
          "get",
          "LUCODE",
        ],
        "AC88",
      ],
      "#ffcc00",
      [
        "==",
        [
          "get",
          "LUCODE",
        ],
        "AC90",
      ],
      "#ffb200",
      [
        "==",
        [
          "get",
          "LUCODE",
        ],
        "AC94",
      ],
      "#ff9900",
      [
        "==",
        [
          "get",
          "LUCODE",
        ],
        "CA02",
      ],
      "#e8bfff",
      [
        "==",
        [
          "get",
          "LUCODE",
        ],
        "FA01",
      ],
      "#bfbfbf",
      [
        "==",
        [
          "get",
          "LUCODE",
        ],
        "HE02",
      ],
      "#e9ffbf",
      [
        "==",
        [
          "get",
          "LUCODE",
        ],
        "HEAT",
      ],
      "#ff0000",
      [
        "==",
        [
          "get",
          "LUCODE",
        ],
        "LG01",
      ],
      "#00af4c",
      [
        "==",
        [
          "get",
          "LUCODE",
        ],
        "LG02",
      ],
      "#7fd3ff",
      [
        "==",
        [
          "get",
          "LUCODE",
        ],
        "LG03",
      ],
      "#826549",
      [
        "==",
        [
          "get",
          "LUCODE",
        ],
        "LG04",
      ],
      "#a50000",
      [
        "==",
        [
          "get",
          "LUCODE",
        ],
        "LG06",
      ],
      "#e8bfff",
      [
        "==",
        [
          "get",
          "LUCODE",
        ],
        "LG07",
      ],
      "#54ff00",
      [
        "==",
        [
          "get",
          "LUCODE",
        ],
        "LG08",
      ],
      "#267000",
      [
        "==",
        [
          "get",
          "LUCODE",
        ],
        "LG09",
      ],
      "#267000",
      [
        "==",
        [
          "get",
          "LUCODE",
        ],
        "LG11",
      ],
      "#ffa5e2",
      [
        "==",
        [
          "get",
          "LUCODE",
        ],
        "LG13",
      ],
      "#267000",
      [
        "==",
        [
          "get",
          "LUCODE",
        ],
        "LG14",
      ],
      "#e8c0ff",
      [
        "==",
        [
          "get",
          "LUCODE",
        ],
        "LG15",
      ],
      "#ffd300",
      [
        "==",
        [
          "get",
          "LUCODE",
        ],
        "LG16",
      ],
      "#ffd300",
      [
        "==",
        [
          "get",
          "LUCODE",
        ],
        "LG20",
      ],
      "#826549",
      [
        "==",
        [
          "get",
          "LUCODE",
        ],
        "LG21",
      ],
      "#54ff00",
      [
        "==",
        [
          "get",
          "LUCODE",
        ],
        "NA01",
      ],
      "#979797",
      [
        "==",
        [
          "get",
          "LUCODE",
        ],
        "NU01",
      ],
      "#ff6767",
      [
        "==",
        [
          "get",
          "LUCODE",
        ],
        "PG01",
      ],
      "#e9ffbf",
      [
        "==",
        [
          "get",
          "LUCODE",
        ],
        "SR01",
      ],
      "#b29b70",
      [
        "==",
        [
          "get",
          "LUCODE",
        ],
        "TC01",
      ],
      "#ff6767",
      [
        "==",
        [
          "get",
          "LUCODE",
        ],
        "WA00",
      ],
      "#4c70a4",
      [
        "==",
        [
          "get",
          "LUCODE",
        ],
        "WO12",
      ],
      "#009900",
      "#cde9f7",
    ],
  },
}
`;

exports[`#compileLyrxStyle > living-england compiles to a stable flat style 1`] = `
{
  "maxResolution": 28.10884205719245,
  "style": {
    "fill-color": [
      "case",
      [
        "==",
        [
          "get",
          "A_pred",
        ],
        "Acid, Calcareous, Neutral Grassland",
      ],
      "#ffbee8",
      [
        "==",
        [
          "get",
          "A_pred",
        ],
        "Arable and Horticultural",
      ],
      "#ffd37f",
      [
        "==",
        [
          "get",
          "A_pred",
        ],
        "Bare Ground",
      ],
      "#9c9c9c",
      [
        "==",
        [
          "get",
          "A_pred",
        ],
        "Bare Sand",
      ],
      "#ffff00",
      [
        "==",
        [
          "get",
          "A_pred",
        ],
        "Bog",
      ],
      "#c29ed7",
      [
        "==",
        [
          "get",
          "A_pred",
        ],
        "Bracken",
      ],
      "#cd8966",
      [
        "==",
        [
          "get",
          "A_pred",
        ],
        "Broadleaved, Mixed and Yew Woodland",
      ],
      "#38a800",
      [
        "==",
        [
          "get",
          "A_pred",
        ],
        "Built-up Areas and Gardens",
      ],
      "#343434",
      [
        "==",
        [
          "get",
          "A_pred",
        ],
        "Coastal Saltmarsh",
      ],
      "#00a9e6",
      [
        "==",
        [
          "get",
          "A_pred",
        ],
        "Coastal Sand Dunes",
      ],
      "#ffffbe",
      [
        "==",
        [
          "get",
          "A_pred",
        ],
        "Coniferous Woodland",
      ],
      "#00a884",
      [
        "==",
        [
          "get",
          "A_pred",
        ],
        "Dwarf Shrub Heath",
      ],
      "#aa66cd",
      [
        "==",
        [
          "get",
          "A_pred",
        ],
        "Fen, Marsh and Swamp",
      ],
      "#7a8ef5",
      [
        "==",
        [
          "get",
          "A_pred",
        ],
        "Improved Grassland",
      ],
      "#cdf57a",
      [
        "==",
        [
          "get",
          "A_pred",
        ],
        "Scrub",
      ],
      "#897044",
      [
        "==",
        [
          "get",
          "A_pred",
        ],
        "Unclassified",
      ],
      "#e1e1e1",
      [
        "==",
        [
          "get",
          "A_pred",
        ],
        "Water",
      ],
      "#bee8ff",
      "rgba(0, 0, 0, 0)",
    ],
  },
}
`;

exports[`#compileLyrxStyle > wood-pasture-and-parkland compiles to a stable flat style 1`] = `
{
  "maxResolution": undefined,
  "style": {
    "stroke-color": "#00a884",
    "stroke-width": 0.5333333333333333,
  },
}
`;
